MSBuild version 18.9.1+a81b43525 for .NET Framework

  miniz.vcxproj -> C:\Users\namde\Documents\Windroid\build\thirdparty\miniz\Release\miniz.lib
  windroid_libbase.vcxproj -> C:\Users\namde\Documents\Windroid\build\thirdparty\libbase\Release\windroid_libbase.lib
  windroid_zlib.vcxproj -> C:\Users\namde\Documents\Windroid\build\thirdparty\zlib\Release\windroid_zlib.lib
  windroid_libziparchive.vcxproj -> C:\Users\namde\Documents\Windroid\build\thirdparty\libziparchive\Release\windroid_libziparchive.lib
  windroid_androidfw.vcxproj -> C:\Users\namde\Documents\Windroid\build\thirdparty\androidfw\Release\windroid_androidfw.lib
  StubRegistry.cpp
C:\Program Files\Microsoft Visual Studio\18\Community\VC\Tools\MSVC\14.51.36231\include\xutility(5094,18): warning C4244: '=': conversion from 'wchar_t' to 'char', possible loss of data [C:\Users\namde\Documents\Windroid\build\winandroid_runtime.vcxproj]
  (compiling source file '../src/interpreter/StubRegistry.cpp')
      C:\Program Files\Microsoft Visual Studio\18\Community\VC\Tools\MSVC\14.51.36231\include\xutility(5094,18):
      the template instantiation context (the oldest one first) is
          C:\Users\namde\Documents\Windroid\src\interpreter\StubRegistry.cpp(697,39):
          see reference to function template instantiation 'std::basic_string<char,std::char_traits<char>,std::allocator<char>>::basic_string<std::_String_iterator<std::_String_val<std::_Simple_types<_Elem>>>,0>(_Iter,_Iter,const _Alloc &)' being compiled
          with
          [
              _Elem=wchar_t,
              _Iter=std::_String_iterator<std::_String_val<std::_Simple_types<wchar_t>>>,
              _Alloc=std::allocator<char>
          ]
              C:\Users\namde\Documents\Windroid\src\interpreter\StubRegistry.cpp(697,26):
              see the first reference to 'std::basic_string<char,std::char_traits<char>,std::allocator<char>>::basic_string' in 'StubRegistry::registerViewStubs::<lambda_34>::operator ()'
          C:\Program Files\Microsoft Visual Studio\18\Community\VC\Tools\MSVC\14.51.36231\include\xstring(862,17):
          see reference to function template instantiation 'void std::basic_string<char,std::char_traits<char>,std::allocator<char>>::_Construct_from_iter<wchar_t*,wchar_t*,_Size_type>(_Iter,const _Sent,_Size)' being compiled
          with
          [
              _Size_type=unsigned __int64,
              _Iter=wchar_t *,
              _Sent=wchar_t *,
              _Size=unsigned __int64
          ]
          C:\Program Files\Microsoft Visual Studio\18\Community\VC\Tools\MSVC\14.51.36231\include\xstring(1018,18):
          see reference to function template instantiation '_OutIt *std::_Copy_n_unchecked4<wchar_t*,_Size,char*>(_InIt,_SizeTy,_OutIt)' being compiled
          with
          [
              _OutIt=char *,
              _Size=unsigned __int64,
              _InIt=wchar_t *,
              _SizeTy=unsigned __int64
          ]
  
  WindowManager.cpp
  TypedArray.cpp
  LayoutInflater.cpp
  View.cpp
  ViewGroup.cpp
  Choreographer.cpp
  LinearLayout.cpp
  FrameLayout.cpp
  RelativeLayout.cpp
  ConstraintLayout.cpp
  GridLayout.cpp
  TextView.cpp
  Button.cpp
  EditText.cpp
  Generating Code...
LINK : warning LNK4098: defaultlib 'LIBCMT' conflicts with use of other libs; use /NODEFAULTLIB:library [C:\Users\namde\Documents\Windroid\build\winandroid_runtime.vcxproj]
  winandroid_runtime.vcxproj -> C:\Users\namde\Documents\Windroid\build\Release\winandroid_runtime.exe
